// Vitest Snapshot v1, https://vitest.dev/guide/snapshot.html

exports[`lexer > tokenizes a file with inheritance 1`] = `
[
  {
    "end": 54,
    "lineNumber": 3,
    "lineOffset": 0,
    "precededByNewline": true,
    "start": 29,
    "type": "VALUE",
    "value": "SW_Ion_Thruster_Overdrive",
  },
  {
    "end": 56,
    "lineNumber": 4,
    "lineOffset": 0,
    "precededByNewline": true,
    "start": 55,
    "type": "LEFT_BRACE",
  },
  {
    "end": 69,
    "lineNumber": 5,
    "lineOffset": 1,
    "precededByNewline": true,
    "start": 58,
    "type": "VALUE",
    "value": "CombineMode",
  },
  {
    "end": 71,
    "lineNumber": 5,
    "lineOffset": 13,
    "start": 70,
    "type": "EQUALS",
  },
  {
    "end": 75,
    "lineNumber": 5,
    "lineOffset": 15,
    "start": 72,
    "type": "VALUE",
    "value": "Add",
  },
  {
    "end": 86,
    "lineNumber": 6,
    "lineOffset": 1,
    "precededByNewline": true,
    "start": 77,
    "type": "VALUE",
    "value": "BaseValue",
  },
  {
    "end": 88,
    "lineNumber": 6,
    "lineOffset": 11,
    "start": 87,
    "type": "EQUALS",
  },
  {
    "end": 91,
    "lineNumber": 6,
    "lineOffset": 13,
    "start": 89,
    "type": "VALUE",
    "value": "0%",
  },
  {
    "end": 93,
    "lineNumber": 7,
    "lineOffset": 0,
    "precededByNewline": true,
    "start": 92,
    "type": "RIGHT_BRACE",
  },
  {
    "end": 127,
    "lineNumber": 9,
    "lineOffset": 0,
    "precededByNewline": true,
    "start": 95,
    "type": "VALUE",
    "value": "SW_Ion_Thruster_Overdrive_Thrust",
  },
  {
    "end": 129,
    "lineNumber": 9,
    "lineOffset": 33,
    "start": 128,
    "type": "COLON",
  },
  {
    "end": 155,
    "lineNumber": 9,
    "lineOffset": 35,
    "start": 130,
    "type": "VALUE",
    "value": "SW_Ion_Thruster_Overdrive",
  },
  {
    "end": 157,
    "lineNumber": 10,
    "lineOffset": 0,
    "precededByNewline": true,
    "start": 156,
    "type": "LEFT_BRACE",
  },
  {
    "end": 160,
    "lineNumber": 12,
    "lineOffset": 0,
    "precededByNewline": true,
    "start": 159,
    "type": "RIGHT_BRACE",
  },
  {
    "end": 183,
    "lineNumber": 14,
    "lineOffset": 0,
    "precededByNewline": true,
    "start": 162,
    "type": "VALUE",
    "value": "SW_Ion_Thruster_Boost",
  },
  {
    "end": 185,
    "lineNumber": 15,
    "lineOffset": 0,
    "precededByNewline": true,
    "start": 184,
    "type": "LEFT_BRACE",
  },
  {
    "end": 198,
    "lineNumber": 16,
    "lineOffset": 1,
    "precededByNewline": true,
    "start": 187,
    "type": "VALUE",
    "value": "CombineMode",
  },
  {
    "end": 200,
    "lineNumber": 16,
    "lineOffset": 13,
    "start": 199,
    "type": "EQUALS",
  },
  {
    "end": 204,
    "lineNumber": 16,
    "lineOffset": 15,
    "start": 201,
    "type": "VALUE",
    "value": "Add",
  },
  {
    "end": 215,
    "lineNumber": 17,
    "lineOffset": 1,
    "precededByNewline": true,
    "start": 206,
    "type": "VALUE",
    "value": "BaseValue",
  },
  {
    "end": 217,
    "lineNumber": 17,
    "lineOffset": 11,
    "start": 216,
    "type": "EQUALS",
  },
  {
    "end": 220,
    "lineNumber": 17,
    "lineOffset": 13,
    "start": 218,
    "type": "VALUE",
    "value": "0%",
  },
  {
    "end": 222,
    "lineNumber": 18,
    "lineOffset": 0,
    "precededByNewline": true,
    "start": 221,
    "type": "RIGHT_BRACE",
  },
  {
    "end": 252,
    "lineNumber": 20,
    "lineOffset": 0,
    "precededByNewline": true,
    "start": 224,
    "type": "VALUE",
    "value": "SW_Ion_Thruster_Boost_RampUp",
  },
  {
    "end": 254,
    "lineNumber": 20,
    "lineOffset": 29,
    "start": 253,
    "type": "COLON",
  },
  {
    "end": 276,
    "lineNumber": 20,
    "lineOffset": 31,
    "start": 255,
    "type": "VALUE",
    "value": "SW_Ion_Thruster_Boost",
  },
  {
    "end": 278,
    "lineNumber": 21,
    "lineOffset": 0,
    "precededByNewline": true,
    "start": 277,
    "type": "LEFT_BRACE",
  },
  {
    "end": 288,
    "lineNumber": 22,
    "lineOffset": 1,
    "precededByNewline": true,
    "start": 280,
    "type": "VALUE",
    "value": "Exponent",
  },
  {
    "end": 290,
    "lineNumber": 22,
    "lineOffset": 10,
    "start": 289,
    "type": "EQUALS",
  },
  {
    "end": 292,
    "lineNumber": 22,
    "lineOffset": 12,
    "start": 291,
    "type": "VALUE",
    "value": "3",
  },
  {
    "end": 294,
    "lineNumber": 23,
    "lineOffset": 0,
    "precededByNewline": true,
    "start": 293,
    "type": "RIGHT_BRACE",
  },
]
`;

exports[`lexer > tokenizes a file with internal references 1`] = `
[
  {
    "end": 32,
    "lineNumber": 3,
    "lineOffset": 0,
    "precededByNewline": true,
    "start": 26,
    "type": "VALUE",
    "value": "_Black",
  },
  {
    "end": 34,
    "lineNumber": 3,
    "lineOffset": 7,
    "start": 33,
    "type": "EQUALS",
  },
  {
    "end": 36,
    "lineNumber": 3,
    "lineOffset": 9,
    "start": 35,
    "type": "LEFT_BRACKET",
  },
  {
    "end": 39,
    "lineNumber": 3,
    "lineOffset": 12,
    "start": 38,
    "type": "VALUE",
    "value": "0",
  },
  {
    "end": 40,
    "lineNumber": 3,
    "lineOffset": 13,
    "start": 39,
    "type": "COMMA",
  },
  {
    "end": 44,
    "lineNumber": 3,
    "lineOffset": 17,
    "start": 43,
    "type": "VALUE",
    "value": "0",
  },
  {
    "end": 45,
    "lineNumber": 3,
    "lineOffset": 18,
    "start": 44,
    "type": "COMMA",
  },
  {
    "end": 49,
    "lineNumber": 3,
    "lineOffset": 22,
    "start": 48,
    "type": "VALUE",
    "value": "0",
  },
  {
    "end": 50,
    "lineNumber": 3,
    "lineOffset": 23,
    "start": 49,
    "type": "COMMA",
  },
  {
    "end": 54,
    "lineNumber": 3,
    "lineOffset": 25,
    "start": 51,
    "type": "VALUE",
    "value": "255",
  },
  {
    "end": 55,
    "lineNumber": 3,
    "lineOffset": 28,
    "start": 54,
    "type": "RIGHT_BRACKET",
  },
  {
    "end": 62,
    "lineNumber": 4,
    "lineOffset": 0,
    "precededByNewline": true,
    "start": 56,
    "type": "VALUE",
    "value": "_White",
  },
  {
    "end": 64,
    "lineNumber": 4,
    "lineOffset": 7,
    "start": 63,
    "type": "EQUALS",
  },
  {
    "end": 66,
    "lineNumber": 4,
    "lineOffset": 9,
    "start": 65,
    "type": "LEFT_BRACKET",
  },
  {
    "end": 69,
    "lineNumber": 4,
    "lineOffset": 10,
    "start": 66,
    "type": "VALUE",
    "value": "255",
  },
  {
    "end": 70,
    "lineNumber": 4,
    "lineOffset": 13,
    "start": 69,
    "type": "COMMA",
  },
  {
    "end": 74,
    "lineNumber": 4,
    "lineOffset": 15,
    "start": 71,
    "type": "VALUE",
    "value": "255",
  },
  {
    "end": 75,
    "lineNumber": 4,
    "lineOffset": 18,
    "start": 74,
    "type": "COMMA",
  },
  {
    "end": 79,
    "lineNumber": 4,
    "lineOffset": 20,
    "start": 76,
    "type": "VALUE",
    "value": "255",
  },
  {
    "end": 80,
    "lineNumber": 4,
    "lineOffset": 23,
    "start": 79,
    "type": "COMMA",
  },
  {
    "end": 84,
    "lineNumber": 4,
    "lineOffset": 25,
    "start": 81,
    "type": "VALUE",
    "value": "255",
  },
  {
    "end": 85,
    "lineNumber": 4,
    "lineOffset": 28,
    "start": 84,
    "type": "RIGHT_BRACKET",
  },
  {
    "end": 107,
    "lineNumber": 7,
    "lineOffset": 0,
    "precededByNewline": true,
    "start": 102,
    "type": "VALUE",
    "value": "Black",
  },
  {
    "end": 109,
    "lineNumber": 8,
    "lineOffset": 0,
    "precededByNewline": true,
    "start": 108,
    "type": "LEFT_BRACE",
  },
  {
    "end": 115,
    "lineNumber": 9,
    "lineOffset": 1,
    "precededByNewline": true,
    "start": 111,
    "type": "VALUE",
    "value": "RGBA",
  },
  {
    "end": 117,
    "lineNumber": 9,
    "lineOffset": 6,
    "start": 116,
    "type": "EQUALS",
  },
  {
    "end": 119,
    "lineNumber": 9,
    "lineOffset": 8,
    "start": 118,
    "type": "LEFT_BRACKET",
  },
  {
    "end": 130,
    "lineNumber": 9,
    "lineOffset": 9,
    "start": 119,
    "type": "VALUE",
    "value": "&~/_Black/0",
  },
  {
    "end": 131,
    "lineNumber": 9,
    "lineOffset": 20,
    "start": 130,
    "type": "COMMA",
  },
  {
    "end": 142,
    "lineNumber": 9,
    "lineOffset": 21,
    "start": 131,
    "type": "VALUE",
    "value": "&~/_Black/1",
  },
  {
    "end": 143,
    "lineNumber": 9,
    "lineOffset": 32,
    "start": 142,
    "type": "COMMA",
  },
  {
    "end": 154,
    "lineNumber": 9,
    "lineOffset": 33,
    "start": 143,
    "type": "VALUE",
    "value": "&~/_Black/2",
  },
  {
    "end": 155,
    "lineNumber": 9,
    "lineOffset": 44,
    "start": 154,
    "type": "COMMA",
  },
  {
    "end": 166,
    "lineNumber": 9,
    "lineOffset": 45,
    "start": 155,
    "type": "VALUE",
    "value": "&~/_Black/3",
  },
  {
    "end": 167,
    "lineNumber": 9,
    "lineOffset": 56,
    "start": 166,
    "type": "RIGHT_BRACKET",
  },
  {
    "end": 172,
    "lineNumber": 10,
    "lineOffset": 1,
    "precededByNewline": true,
    "start": 169,
    "type": "VALUE",
    "value": "RGB",
  },
  {
    "end": 174,
    "lineNumber": 10,
    "lineOffset": 5,
    "start": 173,
    "type": "EQUALS",
  },
  {
    "end": 176,
    "lineNumber": 10,
    "lineOffset": 7,
    "start": 175,
    "type": "LEFT_BRACKET",
  },
  {
    "end": 186,
    "lineNumber": 10,
    "lineOffset": 8,
    "start": 176,
    "type": "VALUE",
    "value": "&../RGBA/0",
  },
  {
    "end": 187,
    "lineNumber": 10,
    "lineOffset": 18,
    "start": 186,
    "type": "COMMA",
  },
  {
    "end": 197,
    "lineNumber": 10,
    "lineOffset": 19,
    "start": 187,
    "type": "VALUE",
    "value": "&../RGBA/1",
  },
  {
    "end": 198,
    "lineNumber": 10,
    "lineOffset": 29,
    "start": 197,
    "type": "COMMA",
  },
  {
    "end": 208,
    "lineNumber": 10,
    "lineOffset": 30,
    "start": 198,
    "type": "VALUE",
    "value": "&../RGBA/2",
  },
  {
    "end": 209,
    "lineNumber": 10,
    "lineOffset": 40,
    "start": 208,
    "type": "RIGHT_BRACKET",
  },
  {
    "end": 216,
    "lineNumber": 11,
    "lineOffset": 1,
    "precededByNewline": true,
    "start": 211,
    "type": "VALUE",
    "value": "Float",
  },
  {
    "end": 219,
    "lineNumber": 12,
    "lineOffset": 1,
    "precededByNewline": true,
    "start": 218,
    "type": "LEFT_BRACE",
  },
  {
    "end": 224,
    "lineNumber": 13,
    "lineOffset": 2,
    "precededByNewline": true,
    "start": 222,
    "type": "VALUE",
    "value": "Rf",
  },
  {
    "end": 226,
    "lineNumber": 13,
    "lineOffset": 5,
    "start": 225,
    "type": "EQUALS",
  },
  {
    "end": 228,
    "lineNumber": 13,
    "lineOffset": 7,
    "start": 227,
    "type": "LEFT_PAREN",
  },
  {
    "end": 238,
    "lineNumber": 13,
    "lineOffset": 8,
    "start": 228,
    "type": "VALUE",
    "value": "&../RGBA/0",
  },
  {
    "end": 239,
    "lineNumber": 13,
    "lineOffset": 18,
    "start": 238,
    "type": "RIGHT_PAREN",
  },
  {
    "end": 241,
    "lineNumber": 13,
    "lineOffset": 20,
    "start": 240,
    "type": "EXPRESSION",
    "value": "/",
  },
  {
    "end": 244,
    "lineNumber": 13,
    "lineOffset": 21,
    "start": 241,
    "type": "VALUE",
    "value": "255",
  },
  {
    "end": 249,
    "lineNumber": 14,
    "lineOffset": 2,
    "precededByNewline": true,
    "start": 247,
    "type": "VALUE",
    "value": "Gf",
  },
  {
    "end": 251,
    "lineNumber": 14,
    "lineOffset": 5,
    "start": 250,
    "type": "EQUALS",
  },
  {
    "end": 253,
    "lineNumber": 14,
    "lineOffset": 7,
    "start": 252,
    "type": "LEFT_PAREN",
  },
  {
    "end": 263,
    "lineNumber": 14,
    "lineOffset": 8,
    "start": 253,
    "type": "VALUE",
    "value": "&../RGBA/1",
  },
  {
    "end": 264,
    "lineNumber": 14,
    "lineOffset": 18,
    "start": 263,
    "type": "RIGHT_PAREN",
  },
  {
    "end": 266,
    "lineNumber": 14,
    "lineOffset": 20,
    "start": 265,
    "type": "EXPRESSION",
    "value": "/",
  },
  {
    "end": 269,
    "lineNumber": 14,
    "lineOffset": 21,
    "start": 266,
    "type": "VALUE",
    "value": "255",
  },
  {
    "end": 274,
    "lineNumber": 15,
    "lineOffset": 2,
    "precededByNewline": true,
    "start": 272,
    "type": "VALUE",
    "value": "Bf",
  },
  {
    "end": 276,
    "lineNumber": 15,
    "lineOffset": 5,
    "start": 275,
    "type": "EQUALS",
  },
  {
    "end": 278,
    "lineNumber": 15,
    "lineOffset": 7,
    "start": 277,
    "type": "LEFT_PAREN",
  },
  {
    "end": 288,
    "lineNumber": 15,
    "lineOffset": 8,
    "start": 278,
    "type": "VALUE",
    "value": "&../RGBA/2",
  },
  {
    "end": 289,
    "lineNumber": 15,
    "lineOffset": 18,
    "start": 288,
    "type": "RIGHT_PAREN",
  },
  {
    "end": 291,
    "lineNumber": 15,
    "lineOffset": 20,
    "start": 290,
    "type": "EXPRESSION",
    "value": "/",
  },
  {
    "end": 294,
    "lineNumber": 15,
    "lineOffset": 21,
    "start": 291,
    "type": "VALUE",
    "value": "255",
  },
  {
    "end": 299,
    "lineNumber": 16,
    "lineOffset": 2,
    "precededByNewline": true,
    "start": 297,
    "type": "VALUE",
    "value": "Af",
  },
  {
    "end": 301,
    "lineNumber": 16,
    "lineOffset": 5,
    "start": 300,
    "type": "EQUALS",
  },
  {
    "end": 303,
    "lineNumber": 16,
    "lineOffset": 7,
    "start": 302,
    "type": "LEFT_PAREN",
  },
  {
    "end": 313,
    "lineNumber": 16,
    "lineOffset": 8,
    "start": 303,
    "type": "VALUE",
    "value": "&../RGBA/3",
  },
  {
    "end": 314,
    "lineNumber": 16,
    "lineOffset": 18,
    "start": 313,
    "type": "RIGHT_PAREN",
  },
  {
    "end": 316,
    "lineNumber": 16,
    "lineOffset": 20,
    "start": 315,
    "type": "EXPRESSION",
    "value": "/",
  },
  {
    "end": 319,
    "lineNumber": 16,
    "lineOffset": 21,
    "start": 316,
    "type": "VALUE",
    "value": "255",
  },
  {
    "end": 322,
    "lineNumber": 17,
    "lineOffset": 1,
    "precededByNewline": true,
    "start": 321,
    "type": "RIGHT_BRACE",
  },
  {
    "end": 324,
    "lineNumber": 18,
    "lineOffset": 0,
    "precededByNewline": true,
    "start": 323,
    "type": "RIGHT_BRACE",
  },
]
`;

exports[`lexer > tokenizes booleans, percentages and assignments 1`] = `
[
  {
    "end": 1,
    "lineNumber": 0,
    "lineOffset": 0,
    "start": 0,
    "type": "VALUE",
    "value": "A",
  },
  {
    "end": 3,
    "lineNumber": 0,
    "lineOffset": 2,
    "start": 2,
    "type": "EQUALS",
  },
  {
    "end": 8,
    "lineNumber": 0,
    "lineOffset": 4,
    "start": 4,
    "type": "TRUE",
  },
  {
    "end": 10,
    "lineNumber": 1,
    "lineOffset": 0,
    "precededByNewline": true,
    "start": 9,
    "type": "VALUE",
    "value": "B",
  },
  {
    "end": 12,
    "lineNumber": 1,
    "lineOffset": 2,
    "start": 11,
    "type": "EQUALS",
  },
  {
    "end": 17,
    "lineNumber": 1,
    "lineOffset": 4,
    "start": 13,
    "type": "FALSE",
  },
  {
    "end": 20,
    "lineNumber": 2,
    "lineOffset": 0,
    "precededByNewline": true,
    "start": 19,
    "type": "VALUE",
    "value": "C",
  },
  {
    "end": 22,
    "lineNumber": 2,
    "lineOffset": 2,
    "start": 21,
    "type": "EQUALS",
  },
  {
    "end": 26,
    "lineNumber": 2,
    "lineOffset": 4,
    "start": 23,
    "type": "VALUE",
    "value": "50%",
  },
  {
    "end": 28,
    "lineNumber": 3,
    "lineOffset": 0,
    "precededByNewline": true,
    "start": 27,
    "type": "VALUE",
    "value": "D",
  },
  {
    "end": 30,
    "lineNumber": 3,
    "lineOffset": 2,
    "start": 29,
    "type": "EQUALS",
  },
  {
    "end": 34,
    "lineNumber": 3,
    "lineOffset": 4,
    "start": 31,
    "type": "VALUE",
    "value": "1.5",
  },
]
`;
